[{object,[],{identifier,{1,5},"recvr"},[],{escript,[],nil}},
 {object,[],{identifier,{3,5},"recvr"},[],{escript,[],nil}}]
