[{object,
     {comment,[]},
     {identifier,{2,4},"recvr"},
     [],
     {escript,
         [{emethod,
              {comment,[]},
              {identifier,{4,9},"listItems"},
              [{final_pattern,
                   {identifier,{4,19},"category"},
                   {identifier,{4,29},"any"}}],
              {identifier,{4,36},"any"},
              [{':=',{identifier,{5,4},"a"},{integer,{5,9},1}},
               {':=',{identifier,{6,4},"b"},{integer,{6,9},1}}]}],
         nil}}]
